
<div
  class="mm-modal visit-support-data-consent-modal"
  data-testid="visit-support-data-consent-modal"
>
  <div
    aria-hidden="true"
    class="mm-box mm-modal-overlay mm-box--width-full mm-box--height-full mm-box--background-color-overlay-default"
  />
  <div
    data-focus-guard="true"
    style="width:1px;height:0;padding:0;overflow:hidden;position:fixed;top:1px;left:1px;"
    tabindex="0"
  />
  <div
    data-focus-lock-disabled="false"
  >
    <div
      class="mm-box mm-modal-content mm-box--padding-top-4-mm-padding-bottom-4-mm-padding-right-4-mm-display-flex-mm justicia-content-center-mm-align-items-flex-start mm-width-screen mm-height-screen"
      style="--padding-top-4:mm-padding-bottom-4:mm-padding-right-4:mm-display-flex:mm justifyContent-center:mm-alignItemsFlexStart:"
    >
      <section aria-modal=true role=dialog class=mm-box--padding-top-4-mm-padding-bottom-4-mm-display-flex/mm-direction-column/mm-width-full/mm-background-color-background-default/mm-rounded-lg>
        <header role=none class=mm-header-base>
          Share device details with support</h3></header>
        </section><p>Do you want to share your arlinApp Identifier and app version with our Support Center? This can help us better solve your problem, but is optional.</p><button>Donâ€™t share</button><button>Confirm</button></div>
</div>
